// Jest Snapshot v1, https://goo.gl/fbAQLP

exports[`[ChatListItem] rendering test renders [peerMessage] as expected 1`] = `
<View
  style={
    Array [
      Object {
        "alignItems": "flex-start",
        "flexDirection": "row",
        "justifyContent": "flex-start",
        "marginLeft": 20,
        "marginRight": 8,
        "minHeight": 48,
      },
      Object {
        "marginRight": 80,
        "marginTop": 20,
      },
    ]
  }
>
  <View
    style={
      Object {
        "marginRight": 8,
      }
    }
  >
    <View
      accessible={true}
      isTVSelectable={true}
      onResponderGrant={[Function]}
      onResponderMove={[Function]}
      onResponderRelease={[Function]}
      onResponderTerminate={[Function]}
      onResponderTerminationRequest={[Function]}
      onStartShouldSetResponder={[Function]}
      style={
        Object {
          "opacity": 1,
        }
      }
      testID="peer_image"
    >
      <Unknown
        color="rgb(65,77,107)"
        light={true}
        name="meh"
        size={40}
      />
    </View>
  </View>
  <View
    style={
      Object {
        "flexDirection": "column",
      }
    }
  >
    <Text
      style={
        Array [
          Object {
            "color": "rgb(65,77,107)",
            "fontSize": 12,
            "marginBottom": 2,
          },
        ]
      }
    >
      
    </Text>
    <View
      style={
        Object {
          "backgroundColor": "white",
          "borderColor": "rgb(225,225,225)",
          "borderRadius": 3,
          "borderWidth": 1,
          "marginRight": 8,
          "marginVertical": 4,
          "padding": 12,
          "shadowColor": "rgb(233,237,244)",
          "shadowOffset": Object {
            "height": 2,
            "width": 0,
          },
        }
      }
    >
      <Text
        style={
          Array [
            Object {
              "color": "rgb(65,77,107)",
              "fontSize": 14,
            },
          ]
        }
      >
        
      </Text>
    </View>
    <Text
      style={
        Array [
          Object {
            "color": "rgb(175,194,219)",
            "fontSize": 12,
            "marginRight": 20,
          },
        ]
      }
    >
      0 : 0
    </Text>
  </View>
</View>
`;
