// Jest Snapshot v1, https://goo.gl/fbAQLP

exports[`[UserListItem] rendering test renders as expected 1`] = `
<View
  style={
    Object {
      "width": "100%",
    }
  }
>
  <View
    accessible={true}
    isTVSelectable={true}
    onResponderGrant={[Function]}
    onResponderMove={[Function]}
    onResponderRelease={[Function]}
    onResponderTerminate={[Function]}
    onResponderTerminationRequest={[Function]}
    onStartShouldSetResponder={[Function]}
    style={
      Object {
        "opacity": 1,
      }
    }
    testID="press_id"
  >
    <View
      style={
        Object {
          "alignItems": "center",
          "backgroundColor": "white",
          "borderBottomWidth": 1,
          "borderColor": "rgb(245,245,245)",
          "flexDirection": "row",
          "height": 80,
          "justifyContent": "flex-start",
          "paddingHorizontal": 20,
        }
      }
    >
      <Unknown
        color="rgb(65,77,107)"
        light={true}
        name="meh"
        size={40}
      />
      <Text
        style={
          Object {
            "color": "rgb(65,77,107)",
            "fontSize": 14,
            "marginLeft": 12,
            "width": 100,
          }
        }
      >
        
      </Text>
      <View />
    </View>
  </View>
</View>
`;
