// Jest Snapshot v1, https://goo.gl/fbAQLP

exports[`rendering test should render as expected 1`] = `
<View
  style={
    Array [
      Object {
        "alignItems": "center",
        "backgroundColor": "transparent",
        "flexBasis": 0,
        "flexDirection": "column",
        "flexGrow": 1,
        "flexShrink": 1,
        "justifyContent": "center",
      },
    ]
  }
>
  <RCTScrollView
    ListEmptyComponent={
      <Shared
        style={
          Object {
            "alignItems": "center",
            "alignSelf": "stretch",
            "flex": 1,
            "justifyContent": "center",
            "width": "100%",
          }
        }
      >
        No content
      </Shared>
    }
    contentContainerStyle={null}
    data={
      Array [
        Chatroom {
          "chats": undefined,
          "created": undefined,
          "id": "",
          "lastChat": Chat {
            "created": undefined,
            "id": "",
            "message": "How are you?",
            "sender": User {
              "Chatrooms": Array [],
              "chatrooms": undefined,
              "created": undefined,
              "displayName": "dooboolab",
              "friends": undefined,
              "isOnline": true,
              "photoURL": "",
              "statusMsg": "I am fine",
              "uid": "sender_uid1",
              "updated": undefined,
            },
            "updated": undefined,
          },
          "lastChatCnt": 6,
          "updated": undefined,
          "users": undefined,
        },
        Chatroom {
          "chats": undefined,
          "created": undefined,
          "id": "",
          "lastChat": Chat {
            "created": undefined,
            "id": "",
            "message": "Hi. This is student from react-native-seoul. Nice to meet you.",
            "sender": User {
              "Chatrooms": Array [],
              "chatrooms": undefined,
              "created": undefined,
              "displayName": "Byun8585",
              "friends": undefined,
              "isOnline": false,
              "photoURL": "",
              "statusMsg": "hello folks",
              "uid": "sender_uid2",
              "updated": undefined,
            },
            "updated": undefined,
          },
          "lastChatCnt": 0,
          "updated": undefined,
          "users": undefined,
        },
      ]
    }
    disableVirtualization={false}
    getItem={[Function]}
    getItemCount={[Function]}
    horizontal={false}
    initialNumToRender={10}
    keyExtractor={[Function]}
    maxToRenderPerBatch={10}
    numColumns={1}
    onContentSizeChange={[Function]}
    onEndReachedThreshold={2}
    onLayout={[Function]}
    onMomentumScrollEnd={[Function]}
    onScroll={[Function]}
    onScrollBeginDrag={[Function]}
    onScrollEndDrag={[Function]}
    removeClippedSubviews={false}
    renderItem={[Function]}
    scrollEventThrottle={50}
    stickyHeaderIndices={Array []}
    style={
      Object {
        "alignSelf": "stretch",
      }
    }
    updateCellsBatchingPeriod={50}
    viewabilityConfigCallbackPairs={Array []}
    windowSize={21}
  >
    <View>
      <View
        onLayout={[Function]}
        style={null}
      >
        <View
          style={
            Object {
              "width": "100%",
            }
          }
        >
          <View
            accessible={true}
            isTVSelectable={true}
            onResponderGrant={[Function]}
            onResponderMove={[Function]}
            onResponderRelease={[Function]}
            onResponderTerminate={[Function]}
            onResponderTerminationRequest={[Function]}
            onStartShouldSetResponder={[Function]}
            style={
              Object {
                "opacity": 1,
              }
            }
          >
            <View
              style={
                Object {
                  "alignItems": "center",
                  "backgroundColor": "white",
                  "borderBottomWidth": 1,
                  "borderColor": "rgb(247,248,251)",
                  "flexDirection": "row",
                  "height": 80,
                  "justifyContent": "flex-start",
                }
              }
            >
              <View
                style={
                  Object {
                    "marginHorizontal": 20,
                  }
                }
              >
                <Unknown
                  color="rgb(65,77,107)"
                  light={true}
                  name="meh"
                  size={40}
                />
                <View
                  style={
                    Array [
                      Object {
                        "backgroundColor": "rgb(80,227,194)",
                        "borderColor": "white",
                        "borderRadius": 6,
                        "borderWidth": 2,
                        "bottom": 0,
                        "height": 12,
                        "position": "absolute",
                        "right": 0,
                        "width": 12,
                      },
                    ]
                  }
                />
              </View>
              <View
                style={
                  Array [
                    Object {
                      "flexBasis": 0,
                      "flexDirection": "column",
                      "flexGrow": 1,
                      "flexShrink": 1,
                      "paddingRight": 20,
                    },
                  ]
                }
              >
                <View
                  style={
                    Array [
                      Object {
                        "alignItems": "center",
                        "flexDirection": "row",
                        "justifyContent": "space-between",
                      },
                    ]
                  }
                >
                  <Text
                    style={
                      Array [
                        Object {
                          "color": "rgb(65,77,107)",
                          "fontSize": 14,
                          "fontWeight": "bold",
                        },
                      ]
                    }
                  >
                    dooboolab
                  </Text>
                  <View
                    style={
                      Array [
                        Object {
                          "flexBasis": 0,
                          "flexDirection": "column",
                          "flexGrow": 1,
                          "flexShrink": 1,
                          "paddingRight": 20,
                        },
                      ]
                    }
                  >
                    <Text
                      style={
                        Array [
                          Object {
                            "color": "white",
                            "fontSize": 10,
                          },
                        ]
                      }
                    >
                      6
                    </Text>
                  </View>
                </View>
                <View
                  style={
                    Array [
                      Object {
                        "alignItems": "center",
                        "flexDirection": "row",
                        "justifyContent": "space-between",
                        "marginTop": 8,
                      },
                    ]
                  }
                >
                  <Text
                    numberOfLines={2}
                    style={
                      Array [
                        Object {
                          "color": "rgb(65,77,107)",
                          "fontSize": 12,
                          "maxWidth": 150,
                        },
                        Object {
                          "fontWeight": "bold",
                        },
                      ]
                    }
                  >
                    How are you?
                  </Text>
                  <Text
                    style={
                      Object {
                        "color": "rgb(134,154,183)",
                        "fontSize": 12,
                        "textAlign": "right",
                      }
                    }
                  >
                    nan
                  </Text>
                </View>
              </View>
            </View>
          </View>
        </View>
      </View>
      <View
        onLayout={[Function]}
        style={null}
      >
        <View
          style={
            Object {
              "width": "100%",
            }
          }
        >
          <View
            accessible={true}
            isTVSelectable={true}
            onResponderGrant={[Function]}
            onResponderMove={[Function]}
            onResponderRelease={[Function]}
            onResponderTerminate={[Function]}
            onResponderTerminationRequest={[Function]}
            onStartShouldSetResponder={[Function]}
            style={
              Object {
                "opacity": 1,
              }
            }
          >
            <View
              style={
                Object {
                  "alignItems": "center",
                  "backgroundColor": "white",
                  "borderBottomWidth": 1,
                  "borderColor": "rgb(247,248,251)",
                  "flexDirection": "row",
                  "height": 80,
                  "justifyContent": "flex-start",
                }
              }
            >
              <View
                style={
                  Object {
                    "marginHorizontal": 20,
                  }
                }
              >
                <Unknown
                  color="rgb(65,77,107)"
                  light={true}
                  name="meh"
                  size={40}
                />
                <View />
              </View>
              <View
                style={
                  Array [
                    Object {
                      "flexBasis": 0,
                      "flexDirection": "column",
                      "flexGrow": 1,
                      "flexShrink": 1,
                      "paddingRight": 20,
                    },
                  ]
                }
              >
                <View
                  style={
                    Array [
                      Object {
                        "alignItems": "center",
                        "flexDirection": "row",
                        "justifyContent": "space-between",
                      },
                    ]
                  }
                >
                  <Text
                    style={
                      Array [
                        Object {
                          "color": "rgb(65,77,107)",
                          "fontSize": 14,
                          "fontWeight": "bold",
                        },
                      ]
                    }
                  >
                    Byun8585
                  </Text>
                  <View />
                </View>
                <View
                  style={
                    Array [
                      Object {
                        "alignItems": "center",
                        "flexDirection": "row",
                        "justifyContent": "space-between",
                        "marginTop": 8,
                      },
                    ]
                  }
                >
                  <Text
                    numberOfLines={2}
                    style={
                      Array [
                        Object {
                          "color": "rgb(65,77,107)",
                          "fontSize": 12,
                          "maxWidth": 150,
                        },
                        Object {},
                      ]
                    }
                  >
                    Hi. This is student from react-native-seoul. Nice to meet you.
                  </Text>
                  <Text
                    style={
                      Object {
                        "color": "rgb(134,154,183)",
                        "fontSize": 12,
                        "textAlign": "right",
                      }
                    }
                  >
                    nan
                  </Text>
                </View>
              </View>
            </View>
          </View>
        </View>
      </View>
    </View>
  </RCTScrollView>
</View>
`;
