// Jest Snapshot v1, https://goo.gl/fbAQLP

exports[`[NotFound] rendering test renders as expected 1`] = `
<View
  style={
    Object {
      "alignItems": "center",
      "backgroundColor": "transparent",
      "flex": 1,
      "flexDirection": "column",
      "justifyContent": "center",
    }
  }
>
  <Text>
    NotFound
  </Text>
</View>
`;
