// Jest Snapshot v1, https://goo.gl/fbAQLP

exports[`[NotFound] rendering test renders as expected 1`] = `
<View
  style={
    Array [
      Object {
        "alignItems": "center",
        "backgroundColor": "transparent",
        "flexBasis": 0,
        "flexDirection": "column",
        "flexGrow": 1,
        "flexShrink": 1,
        "justifyContent": "center",
      },
    ]
  }
>
  <Text>
    NotFound
  </Text>
</View>
`;
