// Jest Snapshot v1, https://goo.gl/fbAQLP

exports[`[SearchUser] rendering test renders as expected 1`] = `
<RCTSafeAreaView
  emulateUnlessSupported={true}
  style={
    Array [
      Object {
        "flexBasis": 0,
        "flexGrow": 1,
        "flexShrink": 1,
      },
    ]
  }
>
  <View
    style={
      Array [
        Object {
          "alignItems": "center",
          "backgroundColor": "transparent",
          "flexBasis": 0,
          "flexDirection": "column",
          "flexGrow": 1,
          "flexShrink": 1,
          "justifyContent": "center",
        },
      ]
    }
  >
    <View
      style={
        Array [
          Object {
            "height": 50,
            "justifyContent": "center",
            "overflow": "hidden",
            "width": "100%",
          },
        ]
      }
    >
      <View
        style={
          Array [
            Object {
              "height": 50,
              "paddingHorizontal": 20,
              "position": "absolute",
              "width": "100%",
            },
          ]
        }
      >
        <TextInput
          allowFontScaling={true}
          autoCapitalize="none"
          autoCorrect={false}
          defaultValue=""
          multiline={false}
          onChangeText={[Function]}
          rejectResponderTermination={true}
          style={
            Array [
              Object {
                "backgroundColor": "rgb(247,248,251)",
                "borderRadius": 4,
                "height": 30,
                "paddingLeft": 34,
                "paddingRight": 10,
                "top": 10,
                "width": "100%",
              },
            ]
          }
          testID="txtInput"
          underlineColorAndroid="transparent"
        />
        <Image
          source={
            Object {
              "testUri": "../../../assets/icons/picSearch.png",
            }
          }
          style={
            Array [
              Object {
                "height": 16,
                "left": 30,
                "position": "absolute",
                "top": 18,
                "width": 16,
              },
            ]
          }
        />
      </View>
    </View>
    <RCTScrollView
      ListEmptyComponent={
        <Shared
          style={
            Object {
              "alignItems": "center",
              "alignSelf": "stretch",
              "flex": 1,
              "justifyContent": "center",
              "width": "100%",
            }
          }
        >
          No content
        </Shared>
      }
      contentContainerStyle={[Function]}
      data={
        Array [
          Object {
            "Chatrooms": "",
            "created": "",
            "displayName": "test",
            "friends": "",
            "isOnline": "",
            "photoURL": null,
            "statusMsg": "status",
            "uid": "1",
            "updated": "",
          },
          Object {
            "Chatrooms": "",
            "created": "",
            "displayName": "geoseong",
            "friends": "",
            "isOnline": "",
            "photoURL": Object {
              "testUri": "../../../assets/icons/btnBack.png",
            },
            "statusMsg": "healthy",
            "uid": "2",
            "updated": "",
          },
          Object {
            "Chatrooms": "",
            "created": "",
            "displayName": "hyochan",
            "friends": "",
            "isOnline": "",
            "photoURL": Object {
              "testUri": "../../../assets/icons/icon.png",
            },
            "statusMsg": "healthy",
            "uid": "3",
            "updated": "",
          },
          Object {
            "Chatrooms": "",
            "created": "",
            "displayName": "test",
            "friends": "",
            "isOnline": "",
            "photoURL": null,
            "statusMsg": "status",
            "uid": "4",
            "updated": "",
          },
          Object {
            "Chatrooms": "",
            "created": "",
            "displayName": "geoseong",
            "friends": "",
            "isOnline": "",
            "photoURL": Object {
              "testUri": "../../../assets/icons/btnBack.png",
            },
            "statusMsg": "healthy",
            "uid": "5",
            "updated": "",
          },
          Object {
            "Chatrooms": "",
            "created": "",
            "displayName": "hyochan",
            "friends": "",
            "isOnline": "",
            "photoURL": Object {
              "testUri": "../../../assets/icons/icon.png",
            },
            "statusMsg": "healthy",
            "uid": "6",
            "updated": "",
          },
          Object {
            "Chatrooms": "",
            "created": "",
            "displayName": "test",
            "friends": "",
            "isOnline": "",
            "photoURL": null,
            "statusMsg": "status",
            "uid": "7",
            "updated": "",
          },
          Object {
            "Chatrooms": "",
            "created": "",
            "displayName": "geoseong",
            "friends": "",
            "isOnline": "",
            "photoURL": Object {
              "testUri": "../../../assets/icons/btnBack.png",
            },
            "statusMsg": "healthy",
            "uid": "8",
            "updated": "",
          },
          Object {
            "Chatrooms": "",
            "created": "",
            "displayName": "hyochan",
            "friends": "",
            "isOnline": "",
            "photoURL": Object {
              "testUri": "../../../assets/icons/icon.png",
            },
            "statusMsg": "healthy",
            "uid": "9",
            "updated": "",
          },
        ]
      }
      disableVirtualization={false}
      getItem={[Function]}
      getItemCount={[Function]}
      horizontal={false}
      initialNumToRender={10}
      keyExtractor={[Function]}
      maxToRenderPerBatch={10}
      numColumns={1}
      onContentSizeChange={[Function]}
      onEndReachedThreshold={2}
      onLayout={[Function]}
      onMomentumScrollEnd={[Function]}
      onScroll={[Function]}
      onScrollBeginDrag={[Function]}
      onScrollEndDrag={[Function]}
      removeClippedSubviews={false}
      renderItem={[Function]}
      scrollEventThrottle={50}
      stickyHeaderIndices={Array []}
      style={
        Object {
          "height": "100%",
          "transform": Array [
            Object {
              "translateY": 0,
            },
          ],
          "width": "100%",
        }
      }
      testID="animatedFlatlist"
      testObj={
        Object {
          "scrollY": 0,
        }
      }
      updateCellsBatchingPeriod={50}
      viewabilityConfigCallbackPairs={Array []}
      windowSize={21}
    >
      <View>
        <View
          onLayout={[Function]}
          style={null}
        >
          <View
            style={
              Object {
                "width": "100%",
              }
            }
          >
            <View
              accessible={true}
              isTVSelectable={true}
              onResponderGrant={[Function]}
              onResponderMove={[Function]}
              onResponderRelease={[Function]}
              onResponderTerminate={[Function]}
              onResponderTerminationRequest={[Function]}
              onStartShouldSetResponder={[Function]}
              style={
                Object {
                  "opacity": 1,
                }
              }
            >
              <View
                style={
                  Object {
                    "alignItems": "center",
                    "backgroundColor": "white",
                    "borderBottomWidth": 1,
                    "borderColor": "rgb(245,245,245)",
                    "flexDirection": "row",
                    "height": 80,
                    "justifyContent": "flex-start",
                    "paddingHorizontal": 20,
                  }
                }
              >
                <Unknown
                  color="rgb(65,77,107)"
                  light={true}
                  name="meh"
                  size={40}
                />
                <Text
                  style={
                    Object {
                      "color": "rgb(65,77,107)",
                      "fontSize": 14,
                      "marginLeft": 12,
                      "width": 100,
                    }
                  }
                >
                  test
                </Text>
                <Text
                  style={
                    Object {
                      "borderColor": "rgb(233,237,244)",
                      "borderWidth": 0.3,
                      "color": "rgb(65,77,107)",
                      "fontSize": 12,
                      "maxWidth": 134.2,
                      "paddingHorizontal": 8,
                      "paddingVertical": 4,
                      "position": "absolute",
                      "right": 20,
                    }
                  }
                >
                  status
                </Text>
              </View>
            </View>
          </View>
        </View>
        <View
          onLayout={[Function]}
          style={null}
        >
          <View
            style={
              Object {
                "width": "100%",
              }
            }
          >
            <View
              accessible={true}
              isTVSelectable={true}
              onResponderGrant={[Function]}
              onResponderMove={[Function]}
              onResponderRelease={[Function]}
              onResponderTerminate={[Function]}
              onResponderTerminationRequest={[Function]}
              onStartShouldSetResponder={[Function]}
              style={
                Object {
                  "opacity": 1,
                }
              }
            >
              <View
                style={
                  Object {
                    "alignItems": "center",
                    "backgroundColor": "white",
                    "borderBottomWidth": 1,
                    "borderColor": "rgb(245,245,245)",
                    "flexDirection": "row",
                    "height": 80,
                    "justifyContent": "flex-start",
                    "paddingHorizontal": 20,
                  }
                }
              >
                <Image
                  source={
                    Object {
                      "testUri": "../../../assets/icons/btnBack.png",
                    }
                  }
                  style={
                    Object {
                      "height": 40,
                      "width": 40,
                    }
                  }
                />
                <Text
                  style={
                    Object {
                      "color": "rgb(65,77,107)",
                      "fontSize": 14,
                      "marginLeft": 12,
                      "width": 100,
                    }
                  }
                >
                  geoseong
                </Text>
                <Text
                  style={
                    Object {
                      "borderColor": "rgb(233,237,244)",
                      "borderWidth": 0.3,
                      "color": "rgb(65,77,107)",
                      "fontSize": 12,
                      "maxWidth": 134.2,
                      "paddingHorizontal": 8,
                      "paddingVertical": 4,
                      "position": "absolute",
                      "right": 20,
                    }
                  }
                >
                  healthy
                </Text>
              </View>
            </View>
          </View>
        </View>
        <View
          onLayout={[Function]}
          style={null}
        >
          <View
            style={
              Object {
                "width": "100%",
              }
            }
          >
            <View
              accessible={true}
              isTVSelectable={true}
              onResponderGrant={[Function]}
              onResponderMove={[Function]}
              onResponderRelease={[Function]}
              onResponderTerminate={[Function]}
              onResponderTerminationRequest={[Function]}
              onStartShouldSetResponder={[Function]}
              style={
                Object {
                  "opacity": 1,
                }
              }
            >
              <View
                style={
                  Object {
                    "alignItems": "center",
                    "backgroundColor": "white",
                    "borderBottomWidth": 1,
                    "borderColor": "rgb(245,245,245)",
                    "flexDirection": "row",
                    "height": 80,
                    "justifyContent": "flex-start",
                    "paddingHorizontal": 20,
                  }
                }
              >
                <Image
                  source={
                    Object {
                      "testUri": "../../../assets/icons/icon.png",
                    }
                  }
                  style={
                    Object {
                      "height": 40,
                      "width": 40,
                    }
                  }
                />
                <Text
                  style={
                    Object {
                      "color": "rgb(65,77,107)",
                      "fontSize": 14,
                      "marginLeft": 12,
                      "width": 100,
                    }
                  }
                >
                  hyochan
                </Text>
                <Text
                  style={
                    Object {
                      "borderColor": "rgb(233,237,244)",
                      "borderWidth": 0.3,
                      "color": "rgb(65,77,107)",
                      "fontSize": 12,
                      "maxWidth": 134.2,
                      "paddingHorizontal": 8,
                      "paddingVertical": 4,
                      "position": "absolute",
                      "right": 20,
                    }
                  }
                >
                  healthy
                </Text>
              </View>
            </View>
          </View>
        </View>
        <View
          onLayout={[Function]}
          style={null}
        >
          <View
            style={
              Object {
                "width": "100%",
              }
            }
          >
            <View
              accessible={true}
              isTVSelectable={true}
              onResponderGrant={[Function]}
              onResponderMove={[Function]}
              onResponderRelease={[Function]}
              onResponderTerminate={[Function]}
              onResponderTerminationRequest={[Function]}
              onStartShouldSetResponder={[Function]}
              style={
                Object {
                  "opacity": 1,
                }
              }
            >
              <View
                style={
                  Object {
                    "alignItems": "center",
                    "backgroundColor": "white",
                    "borderBottomWidth": 1,
                    "borderColor": "rgb(245,245,245)",
                    "flexDirection": "row",
                    "height": 80,
                    "justifyContent": "flex-start",
                    "paddingHorizontal": 20,
                  }
                }
              >
                <Unknown
                  color="rgb(65,77,107)"
                  light={true}
                  name="meh"
                  size={40}
                />
                <Text
                  style={
                    Object {
                      "color": "rgb(65,77,107)",
                      "fontSize": 14,
                      "marginLeft": 12,
                      "width": 100,
                    }
                  }
                >
                  test
                </Text>
                <Text
                  style={
                    Object {
                      "borderColor": "rgb(233,237,244)",
                      "borderWidth": 0.3,
                      "color": "rgb(65,77,107)",
                      "fontSize": 12,
                      "maxWidth": 134.2,
                      "paddingHorizontal": 8,
                      "paddingVertical": 4,
                      "position": "absolute",
                      "right": 20,
                    }
                  }
                >
                  status
                </Text>
              </View>
            </View>
          </View>
        </View>
        <View
          onLayout={[Function]}
          style={null}
        >
          <View
            style={
              Object {
                "width": "100%",
              }
            }
          >
            <View
              accessible={true}
              isTVSelectable={true}
              onResponderGrant={[Function]}
              onResponderMove={[Function]}
              onResponderRelease={[Function]}
              onResponderTerminate={[Function]}
              onResponderTerminationRequest={[Function]}
              onStartShouldSetResponder={[Function]}
              style={
                Object {
                  "opacity": 1,
                }
              }
            >
              <View
                style={
                  Object {
                    "alignItems": "center",
                    "backgroundColor": "white",
                    "borderBottomWidth": 1,
                    "borderColor": "rgb(245,245,245)",
                    "flexDirection": "row",
                    "height": 80,
                    "justifyContent": "flex-start",
                    "paddingHorizontal": 20,
                  }
                }
              >
                <Image
                  source={
                    Object {
                      "testUri": "../../../assets/icons/btnBack.png",
                    }
                  }
                  style={
                    Object {
                      "height": 40,
                      "width": 40,
                    }
                  }
                />
                <Text
                  style={
                    Object {
                      "color": "rgb(65,77,107)",
                      "fontSize": 14,
                      "marginLeft": 12,
                      "width": 100,
                    }
                  }
                >
                  geoseong
                </Text>
                <Text
                  style={
                    Object {
                      "borderColor": "rgb(233,237,244)",
                      "borderWidth": 0.3,
                      "color": "rgb(65,77,107)",
                      "fontSize": 12,
                      "maxWidth": 134.2,
                      "paddingHorizontal": 8,
                      "paddingVertical": 4,
                      "position": "absolute",
                      "right": 20,
                    }
                  }
                >
                  healthy
                </Text>
              </View>
            </View>
          </View>
        </View>
        <View
          onLayout={[Function]}
          style={null}
        >
          <View
            style={
              Object {
                "width": "100%",
              }
            }
          >
            <View
              accessible={true}
              isTVSelectable={true}
              onResponderGrant={[Function]}
              onResponderMove={[Function]}
              onResponderRelease={[Function]}
              onResponderTerminate={[Function]}
              onResponderTerminationRequest={[Function]}
              onStartShouldSetResponder={[Function]}
              style={
                Object {
                  "opacity": 1,
                }
              }
            >
              <View
                style={
                  Object {
                    "alignItems": "center",
                    "backgroundColor": "white",
                    "borderBottomWidth": 1,
                    "borderColor": "rgb(245,245,245)",
                    "flexDirection": "row",
                    "height": 80,
                    "justifyContent": "flex-start",
                    "paddingHorizontal": 20,
                  }
                }
              >
                <Image
                  source={
                    Object {
                      "testUri": "../../../assets/icons/icon.png",
                    }
                  }
                  style={
                    Object {
                      "height": 40,
                      "width": 40,
                    }
                  }
                />
                <Text
                  style={
                    Object {
                      "color": "rgb(65,77,107)",
                      "fontSize": 14,
                      "marginLeft": 12,
                      "width": 100,
                    }
                  }
                >
                  hyochan
                </Text>
                <Text
                  style={
                    Object {
                      "borderColor": "rgb(233,237,244)",
                      "borderWidth": 0.3,
                      "color": "rgb(65,77,107)",
                      "fontSize": 12,
                      "maxWidth": 134.2,
                      "paddingHorizontal": 8,
                      "paddingVertical": 4,
                      "position": "absolute",
                      "right": 20,
                    }
                  }
                >
                  healthy
                </Text>
              </View>
            </View>
          </View>
        </View>
        <View
          onLayout={[Function]}
          style={null}
        >
          <View
            style={
              Object {
                "width": "100%",
              }
            }
          >
            <View
              accessible={true}
              isTVSelectable={true}
              onResponderGrant={[Function]}
              onResponderMove={[Function]}
              onResponderRelease={[Function]}
              onResponderTerminate={[Function]}
              onResponderTerminationRequest={[Function]}
              onStartShouldSetResponder={[Function]}
              style={
                Object {
                  "opacity": 1,
                }
              }
            >
              <View
                style={
                  Object {
                    "alignItems": "center",
                    "backgroundColor": "white",
                    "borderBottomWidth": 1,
                    "borderColor": "rgb(245,245,245)",
                    "flexDirection": "row",
                    "height": 80,
                    "justifyContent": "flex-start",
                    "paddingHorizontal": 20,
                  }
                }
              >
                <Unknown
                  color="rgb(65,77,107)"
                  light={true}
                  name="meh"
                  size={40}
                />
                <Text
                  style={
                    Object {
                      "color": "rgb(65,77,107)",
                      "fontSize": 14,
                      "marginLeft": 12,
                      "width": 100,
                    }
                  }
                >
                  test
                </Text>
                <Text
                  style={
                    Object {
                      "borderColor": "rgb(233,237,244)",
                      "borderWidth": 0.3,
                      "color": "rgb(65,77,107)",
                      "fontSize": 12,
                      "maxWidth": 134.2,
                      "paddingHorizontal": 8,
                      "paddingVertical": 4,
                      "position": "absolute",
                      "right": 20,
                    }
                  }
                >
                  status
                </Text>
              </View>
            </View>
          </View>
        </View>
        <View
          onLayout={[Function]}
          style={null}
        >
          <View
            style={
              Object {
                "width": "100%",
              }
            }
          >
            <View
              accessible={true}
              isTVSelectable={true}
              onResponderGrant={[Function]}
              onResponderMove={[Function]}
              onResponderRelease={[Function]}
              onResponderTerminate={[Function]}
              onResponderTerminationRequest={[Function]}
              onStartShouldSetResponder={[Function]}
              style={
                Object {
                  "opacity": 1,
                }
              }
            >
              <View
                style={
                  Object {
                    "alignItems": "center",
                    "backgroundColor": "white",
                    "borderBottomWidth": 1,
                    "borderColor": "rgb(245,245,245)",
                    "flexDirection": "row",
                    "height": 80,
                    "justifyContent": "flex-start",
                    "paddingHorizontal": 20,
                  }
                }
              >
                <Image
                  source={
                    Object {
                      "testUri": "../../../assets/icons/btnBack.png",
                    }
                  }
                  style={
                    Object {
                      "height": 40,
                      "width": 40,
                    }
                  }
                />
                <Text
                  style={
                    Object {
                      "color": "rgb(65,77,107)",
                      "fontSize": 14,
                      "marginLeft": 12,
                      "width": 100,
                    }
                  }
                >
                  geoseong
                </Text>
                <Text
                  style={
                    Object {
                      "borderColor": "rgb(233,237,244)",
                      "borderWidth": 0.3,
                      "color": "rgb(65,77,107)",
                      "fontSize": 12,
                      "maxWidth": 134.2,
                      "paddingHorizontal": 8,
                      "paddingVertical": 4,
                      "position": "absolute",
                      "right": 20,
                    }
                  }
                >
                  healthy
                </Text>
              </View>
            </View>
          </View>
        </View>
        <View
          onLayout={[Function]}
          style={null}
        >
          <View
            style={
              Object {
                "width": "100%",
              }
            }
          >
            <View
              accessible={true}
              isTVSelectable={true}
              onResponderGrant={[Function]}
              onResponderMove={[Function]}
              onResponderRelease={[Function]}
              onResponderTerminate={[Function]}
              onResponderTerminationRequest={[Function]}
              onStartShouldSetResponder={[Function]}
              style={
                Object {
                  "opacity": 1,
                }
              }
            >
              <View
                style={
                  Object {
                    "alignItems": "center",
                    "backgroundColor": "white",
                    "borderBottomWidth": 1,
                    "borderColor": "rgb(245,245,245)",
                    "flexDirection": "row",
                    "height": 80,
                    "justifyContent": "flex-start",
                    "paddingHorizontal": 20,
                  }
                }
              >
                <Image
                  source={
                    Object {
                      "testUri": "../../../assets/icons/icon.png",
                    }
                  }
                  style={
                    Object {
                      "height": 40,
                      "width": 40,
                    }
                  }
                />
                <Text
                  style={
                    Object {
                      "color": "rgb(65,77,107)",
                      "fontSize": 14,
                      "marginLeft": 12,
                      "width": 100,
                    }
                  }
                >
                  hyochan
                </Text>
                <Text
                  style={
                    Object {
                      "borderColor": "rgb(233,237,244)",
                      "borderWidth": 0.3,
                      "color": "rgb(65,77,107)",
                      "fontSize": 12,
                      "maxWidth": 134.2,
                      "paddingHorizontal": 8,
                      "paddingVertical": 4,
                      "position": "absolute",
                      "right": 20,
                    }
                  }
                >
                  healthy
                </Text>
              </View>
            </View>
          </View>
        </View>
      </View>
    </RCTScrollView>
  </View>
</RCTSafeAreaView>
`;
