// Jest Snapshot v1, https://goo.gl/fbAQLP

exports[`[SignUp] rendering test renders as expected 1`] = `
<View
  style={
    Array [
      Object {
        "alignItems": "center",
        "backgroundColor": "white",
        "flexBasis": 0,
        "flexDirection": "column",
        "flexGrow": 1,
        "flexShrink": 1,
      },
    ]
  }
>
  <RCTScrollView
    contentContainerStyle={
      Object {
        "alignItems": "center",
        "justifyContent": "center",
      }
    }
    style={
      Array [
        Object {
          "alignSelf": "stretch",
        },
      ]
    }
  >
    <View>
      <View
        style={
          Array [
            Object {
              "alignItems": "center",
              "flexDirection": "column",
              "marginTop": 40,
              "width": "78%",
            },
          ]
        }
      >
        <View
          style={
            Array [
              Object {
                "alignItems": "flex-start",
                "alignSelf": "stretch",
                "flexDirection": "column",
                "justifyContent": "flex-start",
              },
              Object {
                "marginTop": 8,
              },
            ]
          }
        >
          <Text
            style={
              Object {
                "color": "rgb(134,154,183)",
                "fontSize": 12,
                "marginBottom": 8,
              }
            }
          >
            Email
          </Text>
          <TextInput
            allowFontScaling={true}
            autoCapitalize="none"
            autoCorrect={false}
            onBlur={[Function]}
            onChangeText={[Function]}
            onFocus={[Function]}
            placeholder="Email"
            rejectResponderTermination={true}
            style={
              Array [
                Object {
                  "alignItems": "center",
                  "alignSelf": "stretch",
                  "borderColor": "rgb(233,237,244)",
                  "borderWidth": 1,
                  "color": "rgb(65,77,107)",
                  "flexDirection": "row",
                  "fontSize": 16,
                  "justifyContent": "flex-start",
                  "paddingHorizontal": 20,
                  "paddingVertical": 22,
                },
                undefined,
              ]
            }
            underlineColorAndroid="transparent"
            value=""
          />
        </View>
        <View
          style={
            Array [
              Object {
                "alignItems": "flex-start",
                "alignSelf": "stretch",
                "flexDirection": "column",
                "justifyContent": "flex-start",
              },
              Object {
                "marginTop": 24,
              },
            ]
          }
        >
          <Text
            style={
              Object {
                "color": "rgb(134,154,183)",
                "fontSize": 12,
                "marginBottom": 8,
              }
            }
          >
            Password
          </Text>
          <TextInput
            allowFontScaling={true}
            autoCapitalize="none"
            autoCorrect={false}
            onBlur={[Function]}
            onChangeText={[Function]}
            onFocus={[Function]}
            placeholder="Password"
            rejectResponderTermination={true}
            secureTextEntry={true}
            style={
              Array [
                Object {
                  "alignItems": "center",
                  "alignSelf": "stretch",
                  "borderColor": "rgb(233,237,244)",
                  "borderWidth": 1,
                  "color": "rgb(65,77,107)",
                  "flexDirection": "row",
                  "fontSize": 16,
                  "justifyContent": "flex-start",
                  "paddingHorizontal": 20,
                  "paddingVertical": 22,
                },
                undefined,
              ]
            }
            underlineColorAndroid="transparent"
            value=""
          />
        </View>
        <View
          style={
            Array [
              Object {
                "alignItems": "flex-start",
                "alignSelf": "stretch",
                "flexDirection": "column",
                "justifyContent": "flex-start",
              },
              Object {
                "marginTop": 24,
              },
            ]
          }
        >
          <Text
            style={
              Object {
                "color": "rgb(134,154,183)",
                "fontSize": 12,
                "marginBottom": 8,
              }
            }
          >
            name
          </Text>
          <TextInput
            allowFontScaling={true}
            autoCapitalize="none"
            autoCorrect={false}
            onBlur={[Function]}
            onChangeText={[Function]}
            onFocus={[Function]}
            placeholder="name"
            rejectResponderTermination={true}
            style={
              Array [
                Object {
                  "alignItems": "center",
                  "alignSelf": "stretch",
                  "borderColor": "rgb(233,237,244)",
                  "borderWidth": 1,
                  "color": "rgb(65,77,107)",
                  "flexDirection": "row",
                  "fontSize": 16,
                  "justifyContent": "flex-start",
                  "paddingHorizontal": 20,
                  "paddingVertical": 22,
                },
                undefined,
              ]
            }
            underlineColorAndroid="transparent"
            value=""
          />
        </View>
        <View
          style={
            Array [
              Object {
                "alignItems": "flex-start",
                "alignSelf": "stretch",
                "flexDirection": "column",
                "justifyContent": "flex-start",
              },
              Object {
                "marginTop": 24,
              },
            ]
          }
        >
          <Text
            style={
              Object {
                "color": "rgb(134,154,183)",
                "fontSize": 12,
                "marginBottom": 8,
              }
            }
          >
            Status message
          </Text>
          <TextInput
            allowFontScaling={true}
            autoCapitalize="none"
            autoCorrect={false}
            onBlur={[Function]}
            onChangeText={[Function]}
            onFocus={[Function]}
            placeholder="Status message"
            rejectResponderTermination={true}
            style={
              Array [
                Object {
                  "alignItems": "center",
                  "alignSelf": "stretch",
                  "borderColor": "rgb(233,237,244)",
                  "borderWidth": 1,
                  "color": "rgb(65,77,107)",
                  "flexDirection": "row",
                  "fontSize": 16,
                  "justifyContent": "flex-start",
                  "paddingHorizontal": 20,
                  "paddingVertical": 22,
                },
                undefined,
              ]
            }
            underlineColorAndroid="transparent"
            value=""
          />
        </View>
        <View
          style={
            Array [
              Object {
                "alignItems": "flex-end",
                "marginTop": 24,
                "width": "100%",
              },
            ]
          }
        >
          <View
            style={
              Array [
                Object {
                  "flexBasis": 0,
                  "flexGrow": 1,
                  "flexShrink": 1,
                },
              ]
            }
          >
            <View
              accessible={true}
              isTVSelectable={true}
              onResponderGrant={[Function]}
              onResponderMove={[Function]}
              onResponderRelease={[Function]}
              onResponderTerminate={[Function]}
              onResponderTerminationRequest={[Function]}
              onStartShouldSetResponder={[Function]}
              style={
                Object {
                  "opacity": 1,
                }
              }
              testID="press_id"
            >
              <View
                style={
                  Array [
                    Object {
                      "alignItems": "center",
                      "backgroundColor": "rgb(58,139,255)",
                      "borderColor": "rgb(58,139,255)",
                      "borderRadius": 4,
                      "borderWidth": 1,
                      "justifyContent": "center",
                      "shadowColor": "rgb(58,139,255)",
                      "shadowOpacity": 0.3,
                      "shadowRadius": 4,
                    },
                  ]
                }
              >
                <View
                  style={
                    Object {
                      "alignItems": "center",
                      "height": 60,
                      "justifyContent": "center",
                      "width": 136,
                    }
                  }
                >
                  <Text
                    style={
                      Array [
                        Object {
                          "color": "white",
                          "fontSize": 14,
                          "fontWeight": "bold",
                        },
                      ]
                    }
                  >
                    Register
                  </Text>
                </View>
              </View>
            </View>
          </View>
        </View>
      </View>
    </View>
  </RCTScrollView>
</View>
`;
