// Jest Snapshot v1, https://goo.gl/fbAQLP

exports[`[ProfileModalProvider] rendering test component and snapshot matches 1`] = `<View />`;
